2026-10-08 03:24:12,156 - DuplicateFinder - INFO - Scanning directory: C:\Users\Vaibhav Verma\Pictures\ConfAI Cover\Final\OC_Final
2026-10-08 03:24:12,172 - DuplicateFinder - INFO - Discovered 130 potential image files in C:\Users\Vaibhav Verma\Pictures\ConfAI Cover\Final\OC_Final
2026-10-08 03:24:12,172 - DuplicateFinder - INFO - Processing 130 images for hashes and quality scores...
2026-10-08 03:24:13,555 - DuplicateFinder - ERROR - Error detecting faces/smiles: 'DuplicateFinder' object has no attribute 'face_cascade'
2026-10-08 03:24:13,570 - DuplicateFinder - ERROR - Unexpected error computing quality for C:\Users\Vaibhav Verma\Pictures\ConfAI Cover\Final\OC_Final\5G4A1729.JPG: 'DuplicateFinder' object has no attribute 'face_cascade'
2026-10-08 03:26:22,154 - DuplicateFinder - INFO - Face detection models loaded successfully.
2026-10-08 03:26:22,154 - DuplicateFinder - INFO - Scanning directory: C:\Users\Vaibhav Verma\Pictures\Pirates
2026-10-08 03:26:22,156 - DuplicateFinder - INFO - Discovered 28 potential image files in C:\Users\Vaibhav Verma\Pictures\Pirates
2026-10-08 03:26:22,156 - DuplicateFinder - INFO - Processing 28 images for hashes and quality scores...
2026-10-08 03:26:34,053 - DuplicateFinder - INFO - Successfully processed 14 out of 28 images.
2026-10-08 03:26:34,055 - DuplicateFinder - INFO - Finding duplicates with similarity threshold 5...
2026-10-08 03:26:34,055 - DuplicateFinder - INFO - Found 2 groups of duplicates.
2026-10-08 03:26:34,057 - DuplicateFinder - INFO - Generating duplicate report...
2026-10-08 03:26:34,058 - DuplicateFinder - INFO - Detailed report successfully saved to: streamlit_report.json
2026-10-08 03:27:19,789 - DuplicateFinder - INFO - Face detection models loaded successfully.
2026-10-08 03:27:19,789 - DuplicateFinder - INFO - Scanning directory: C:\Users\Vaibhav Verma\Pictures\Pirates
2026-10-08 03:27:19,796 - DuplicateFinder - INFO - Discovered 26 potential image files in C:\Users\Vaibhav Verma\Pictures\Pirates
2026-10-08 03:27:19,796 - DuplicateFinder - INFO - Processing 26 images for hashes and quality scores...
2026-10-08 03:27:19,814 - DuplicateFinder - INFO - Successfully processed 13 out of 26 images.
2026-10-08 03:27:19,815 - DuplicateFinder - INFO - Finding duplicates with similarity threshold 5...
2026-10-08 03:27:19,818 - DuplicateFinder - INFO - Found 1 groups of duplicates.
2026-10-08 03:27:19,818 - DuplicateFinder - INFO - Generating duplicate report...
2026-10-08 03:27:19,820 - DuplicateFinder - INFO - Detailed report successfully saved to: streamlit_report.json
2026-10-08 03:31:02,225 - DuplicateFinder - INFO - Scanning directory: C:\Users\Vaibhav Verma\Pictures\Pirates
2026-10-08 03:31:02,233 - DuplicateFinder - INFO - Discovered 26 potential image files in C:\Users\Vaibhav Verma\Pictures\Pirates
2026-10-08 03:31:02,233 - DuplicateFinder - INFO - Processing 26 images using multiprocessing...
2026-10-08 03:31:02,241 - DuplicateFinder - INFO - Successfully processed 13 out of 26 images.
2026-10-08 03:31:02,241 - DuplicateFinder - INFO - Finding duplicates with similarity threshold 5...
2026-10-08 03:31:02,241 - DuplicateFinder - INFO - Found 1 groups of duplicates.
2026-10-08 03:40:04,036 - DuplicateFinder - INFO - Scanning directory: C:\Users\Vaibhav Verma\Pictures\ConfAI Cover\Final\OC_Final
2026-10-08 03:40:04,053 - DuplicateFinder - INFO - Discovered 130 potential image files in C:\Users\Vaibhav Verma\Pictures\ConfAI Cover\Final\OC_Final
2026-10-08 03:40:04,053 - DuplicateFinder - INFO - Processing 130 images using multiprocessing...
2026-10-08 03:40:04,060 - DuplicateFinder - INFO - 130 images need computation. Starting process pool...
